recheck-base source-0 True
recheck-adapter-32 source-0 True
recheck-base source-1 True
recheck-adapter-32 source-1 False
recheck-base source-2 True
recheck-adapter-32 source-2 True
recheck-base source-3 False
recheck-adapter-32 source-3 True
recheck-base source-4 True
recheck-adapter-32 source-4 True
recheck-base source-5 True
recheck-adapter-32 source-5 True
recheck-base source-6 True
recheck-adapter-32 source-6 True
recheck-base source-7 False
recheck-adapter-32 source-7 True
recheck-base development-0 False
recheck-adapter-32 development-0 False
recheck-compiled-base development-0 True
recheck-compiled-adapter-32 development-0 True
recheck-base development-1 True
recheck-adapter-32 development-1 False
recheck-compiled-base development-1 True
recheck-compiled-adapter-32 development-1 True
recheck-base development-2 False
recheck-adapter-32 development-2 True
recheck-compiled-base development-2 True
recheck-compiled-adapter-32 development-2 True
recheck-base development-3 False
recheck-adapter-32 development-3 True
recheck-compiled-base development-3 True
recheck-compiled-adapter-32 development-3 True
