Using CPython 3.12.14
Creating virtual environment at: .deps/construct-runtime/.venv
Resolved 40 packages in 15ms
   Building construct-runtime @ file:///Users/macos-user/Developer/Projects/alignment-farm/ancillary-studies/weight-consolidation/.deps/construct-runtime
Downloading sentencepiece (1.3MiB)
Downloading numpy (5.2MiB)
Downloading ruff (9.4MiB)
 Downloaded sentencepiece
 Downloaded numpy
 Downloaded ruff
      Built construct-runtime @ file:///Users/macos-user/Developer/Projects/alignment-farm/ancillary-studies/weight-consolidation/.deps/construct-runtime
Prepared 10 packages in 2.27s
Installed 39 packages in 121ms
 + annotated-doc==0.0.5
 + anyio==4.15.1
 + certifi==2026.7.22
 + click==8.5.0
 + construct-runtime==0.1.0 (from file:///Users/macos-user/Developer/Projects/alignment-farm/ancillary-studies/weight-consolidation/.deps/construct-runtime)
 + filelock==4.0.0
 + fsspec==2026.7.0
 + h11==0.16.0
 + hf-xet==1.6.0
 + httpcore==1.0.9
 + httpx==0.28.1
 + huggingface-hub==1.32.0
 + idna==3.20
 + iniconfig==2.3.0
 + jinja2==3.1.6
 + markdown-it-py==4.2.0
 + markupsafe==3.0.3
 + mdurl==0.1.2
 + mlx==0.32.2
 + mlx-lm==0.32.0 (from git+https://github.com/ml-explore/mlx-lm.git@86b48c461feebf87c58788655b7e57b5574b9e6d)
 + mlx-metal==0.32.2
 + numpy==2.5.3
 + packaging==26.3
 + pluggy==1.6.0
 + protobuf==7.36.2
 + pygments==2.21.0
 + pytest==8.4.2
 + pyyaml==6.0.3
 + regex==2026.9.10
 + rich==15.0.0
 + ruff==0.16.8
 + safetensors==0.8.0
 + sentencepiece==0.2.2
 + shellingham==1.5.4
 + tokenizers==0.23.2
 + tqdm==4.70.1
 + transformers==5.17.0
 + typer==0.27.2
 + typing-extensions==4.16.0
